- 1117838570 2005.06.03 R02-M1-N0-C:J12-U11 2005-06-03-15.42.50.675872 R02-M1-N0-C:J12-U11 RAS KERNEL INFO instruction cache parity error corrected
- 1117838573 2005.06.03 R02-M1-N0-C:J12-U11 2005-06-03-15.42.53.276129 R02-M1-N0-C:J12-U11 RAS KERNEL INFO instruction cache parity error corrected
- 1117838976 2005.06.03 R02-M1-N0-C:J12-U11 2005-06-03-15.49.36.156884 R02-M1-N0-C:J12-U11 RAS KERNEL INFO instruction cache parity error corrected
- 1117838978 2005.06.03 R02-M1-N0-C:J12-U11 2005-06-03-15.49.38.026704 R02-M1-N0-C:J12-U11 RAS KERNEL INFO instruction cache parity error corrected
- 1117842440 2005.06.03 R23-M0-NE-C:J05-U01 2005-06-03-16.47.20.730545 R23-M0-NE-C:J05-U01 RAS KERNEL INFO 63543 double-hummer alignment exceptions
- 1117842974 2005.06.03 R24-M0-N1-C:J13-U11 2005-06-03-16.56.14.254137 R24-M0-N1-C:J13-U11 RAS KERNEL INFO 162 double-hummer alignment exceptions
- 1117843015 2005.06.03 R21-M1-N6-C:J08-U11 2005-06-03-16.56.55.309974 R21-M1-N6-C:J08-U11 RAS KERNEL INFO 141 double-hummer alignment exceptions
APPREAD 1117869872 2005.06.04 R04-M1-N4-I:J18-U11 2005-06-04-00.24.32.432192 R04-M1-N4-I:J18-U11 RAS APP FATAL ciod: failed to read message prefix on control stream (CioStream socket to <IP>:33569
APPREAD 1117869876 2005.06.04 R27-M1-N4-I:J18-U01 2005-06-04-00.24.36.222560 R27-M1-N4-I:J18-U01 RAS APP FATAL ciod: failed to read message prefix on control stream (CioStream socket to <IP>:33370
- 1117984246 2005.06.05 R30-M1-N3-C:J02-U01 2005-06-05-08.10.46.344235 R30-M1-N3-C:J02-U01 RAS KERNEL FATAL force load/store alignment...............0
- 1118079221 2005.06.06 R02-M1-N0-C:J12-U11 2005-06-06-10.33.41.093251 R02-M1-N0-C:J12-U11 RAS KERNEL INFO instruction cache parity error corrected
- 1118079403 2005.06.06 R02-M1-N0-C:J12-U11 2005-06-06-10.36.43.705821 R02-M1-N0-C:J12-U11 RAS KERNEL INFO instruction cache parity error corrected
- 1118080420 2005.06.06 R02-M1-N0-C:J12-U11 2005-06-06-10.53.40.701796 R02-M1-N0-C:J12-U11 RAS KERNEL INFO instruction cache parity error corrected
- 1118080480 2005.06.06 R02-M1-N0-C:J12-U11 2005-06-06-10.54.40.382678 R02-M1-N0-C:J12-U11 RAS KERNEL INFO instruction cache parity error corrected
- 1118080909 2005.06.06 R02-M1-N0-C:J12-U11 2005-06-06-11.01.49.223879 R02-M1-N0-C:J12-U11 RAS KERNEL INFO instruction cache parity error corrected
- 1118081048 2005.06.06 R02-M1-N0-C:J12-U11 2005-06-06-11.04.08.452393 R02-M1-N0-C:J12-U11 RAS KERNEL INFO instruction cache parity error corrected
- 1118081391 2005.06.06 R02-M1-N0-C:J12-U11 2005-06-06-11.09.51.751862 R02-M1-N0-C:J12-U11 RAS KERNEL INFO instruction cache parity error corrected
- 1118081467 2005.06.06 R02-M1-N0-C:J12-U11 2005-06-06-11.11.07.787886 R02-M1-N0-C:J12-U11 RAS KERNEL INFO instruction cache parity error corrected
- 1118193358 2005.06.07 R11-M0-NC-I:J18-U01 2005-06-07-18.15.58.583443 R11-M0-NC-I:J18-U01 RAS APP FATAL ciod: LOGIN chdir(/p/gb2/glosli/8M_5000K/t800) failed: No such file or directory
- 1118271740 2005.06.08 R03-M1-N9-C:J09-U11 2005-06-08-16.02.20.600478 R03-M1-N9-C:J09-U11 RAS KERNEL INFO 1 ddr errors(s) detected and corrected on rank 0, symbol 25, bit 1
- 1117848119 2005.06.03 R16-M1-N2-C:J17-U01 2005-06-03-18.21.59.871925 R16-M1-N2-C:J17-U01 RAS KERNEL INFO CE sym 2, at 0x0b85eee0, mask 0x05
- 1117942120 2005.06.04 R30-M0-N7-C:J08-U01 2005-06-04-20.28.40.767551 R30-M0-N7-C:J08-U01 RAS KERNEL INFO CE sym 20, at 0x1438f9e0, mask 0x40
- 1117955341 2005.06.05 R25-M0-N7-C:J02-U01 2005-06-05-00.09.01.903373 R25-M0-N7-C:J02-U01 RAS KERNEL INFO generating core.2275
- 1117955392 2005.06.05 R24-M1-N8-C:J09-U11 2005-06-05-00.09.52.516674 R24-M1-N8-C:J09-U11 RAS KERNEL INFO generating core.862
- 1117956980 2005.06.05 R24-M1-NB-C:J15-U11 2005-06-05-00.36.20.945796 R24-M1-NB-C:J15-U11 RAS KERNEL INFO generating core.728
- 1117957045 2005.06.05 R20-M1-N8-C:J04-U01 2005-06-05-00.37.25.012681 R20-M1-N8-C:J04-U01 RAS KERNEL INFO generating core.775
- 1117959501 2005.06.05 R24-M0-NE-C:J14-U11 2005-06-05-01.18.21.778604 R24-M0-NE-C:J14-U11 RAS KERNEL INFO generating core.3276
- 1117959513 2005.06.05 R21-M1-N2-C:J11-U01 2005-06-05-01.18.33.830595 R21-M1-N2-C:J11-U01 RAS KERNEL INFO generating core.1717
- 1117959563 2005.06.05 R24-M0-N8-C:J04-U11 2005-06-05-01.19.23.822135 R24-M0-N8-C:J04-U11 RAS KERNEL INFO generating core.3919
- 1117973759 2005.06.05 R31-M0-NE-C:J05-U11 2005-06-05-05.15.59.416717 R31-M0-NE-C:J05-U11 RAS KERNEL INFO generating core.2079
- 1117973786 2005.06.05 R36-M0-NA-C:J06-U01 2005-06-05-05.16.26.686603 R36-M0-NA-C:J06-U01 RAS KERNEL INFO generating core.1414
- 1117973919 2005.06.05 R33-M0-N4-C:J02-U11 2005-06-05-05.18.39.396608 R33-M0-N4-C:J02-U11 RAS KERNEL INFO generating core.3055
- 1117974206 2005.06.05 R22-M0-ND-C:J10-U11 2005-06-05-05.23.26.239153 R22-M0-ND-C:J10-U11 RAS KERNEL INFO generating core.201
- 1117974463 2005.06.05 R27-M0-N6-C:J10-U01 2005-06-05-05.27.43.336565 R27-M0-N6-C:J10-U01 RAS KERNEL INFO generating core.1125
- 1117975251 2005.06.05 R26-M1-N8-C:J17-U11 2005-06-05-05.40.51.726735 R26-M1-N8-C:J17-U11 RAS KERNEL INFO generating core.412
- 1117976658 2005.06.05 R36-M1-N8-C:J17-U01 2005-06-05-06.04.18.406158 R36-M1-N8-C:J17-U01 RAS KERNEL INFO generating core.7828
- 1117977497 2005.06.05 R33-M1-NB-C:J06-U01 2005-06-05-06.18.17.802159 R33-M1-NB-C:J06-U01 RAS KERNEL INFO generating core.5570
- 1117979227 2005.06.05 R01-M1-N7-C:J04-U11 2005-06-05-06.47.07.157021 R01-M1-N7-C:J04-U11 RAS KERNEL INFO generating core.8275
- 1117982609 2005.06.05 R35-M1-NE-C:J05-U01 2005-06-05-07.43.29.979844 R35-M1-NE-C:J05-U01 RAS KERNEL INFO generating core.4183
- 1117984124 2005.06.05 R36-M1-NF-C:J11-U01 2005-06-05-08.08.44.281729 R36-M1-NF-C:J11-U01 RAS KERNEL INFO generating core.6545
