2015-10-18 18:01:53,447 INFO [main] org.apache.hadoop.mapreduce.v2.app.rm.RMContainerRequestor: maxTaskFailuresPerNode is 3
2015-10-18 18:04:11,034 ERROR [RMCommunicator Allocator] org.apache.hadoop.mapreduce.v2.app.rm.RMContainerAllocator: Container complete event for unknown container id container_1445144423722_0020_01_000012
2015-10-18 18:05:27,570 WARN [LeaseRenewer:msrabi@msra-sa-41:9000] org.apache.hadoop.ipc.Client: Address change detected. Old: msra-sa-41/<IP>:9000 New: msra-sa-41:9000
2015-10-18 18:05:27,570 WARN [LeaseRenewer:msrabi@msra-sa-41:9000] org.apache.hadoop.hdfs.LeaseRenewer: Failed to renew lease for [DFSClient_NONMAPREDUCE_1537864556_1] for 30 seconds.  Will retry shortly ...
2015-10-18 18:05:28,570 WARN [LeaseRenewer:msrabi@msra-sa-41:9000] org.apache.hadoop.ipc.Client: Address change detected. Old: msra-sa-41/<IP>:9000 New: msra-sa-41:9000
2015-10-18 18:05:28,570 WARN [LeaseRenewer:msrabi@msra-sa-41:9000] org.apache.hadoop.hdfs.LeaseRenewer: Failed to renew lease for [DFSClient_NONMAPREDUCE_1537864556_1] for 31 seconds.  Will retry shortly ...
2015-10-18 18:05:29,570 WARN [LeaseRenewer:msrabi@msra-sa-41:9000] org.apache.hadoop.ipc.Client: Address change detected. Old: msra-sa-41/<IP>:9000 New: msra-sa-41:9000
2015-10-18 18:05:29,570 WARN [LeaseRenewer:msrabi@msra-sa-41:9000] org.apache.hadoop.hdfs.LeaseRenewer: Failed to renew lease for [DFSClient_NONMAPREDUCE_1537864556_1] for 32 seconds.  Will retry shortly ...
2015-10-18 18:05:30,570 WARN [LeaseRenewer:msrabi@msra-sa-41:9000] org.apache.hadoop.ipc.Client: Address change detected. Old: msra-sa-41/<IP>:9000 New: msra-sa-41:9000
2015-10-18 18:05:30,570 WARN [LeaseRenewer:msrabi@msra-sa-41:9000] org.apache.hadoop.hdfs.LeaseRenewer: Failed to renew lease for [DFSClient_NONMAPREDUCE_1537864556_1] for 33 seconds.  Will retry shortly ...
2015-10-18 18:05:31,570 WARN [LeaseRenewer:msrabi@msra-sa-41:9000] org.apache.hadoop.ipc.Client: Address change detected. Old: msra-sa-41/<IP>:9000 New: msra-sa-41:9000
2015-10-18 18:05:31,570 WARN [LeaseRenewer:msrabi@msra-sa-41:9000] org.apache.hadoop.hdfs.LeaseRenewer: Failed to renew lease for [DFSClient_NONMAPREDUCE_1537864556_1] for 34 seconds.  Will retry shortly ...
2015-10-18 18:05:32,570 WARN [LeaseRenewer:msrabi@msra-sa-41:9000] org.apache.hadoop.ipc.Client: Address change detected. Old: msra-sa-41/<IP>:9000 New: msra-sa-41:9000
2015-10-18 18:05:32,570 WARN [LeaseRenewer:msrabi@msra-sa-41:9000] org.apache.hadoop.hdfs.LeaseRenewer: Failed to renew lease for [DFSClient_NONMAPREDUCE_1537864556_1] for 35 seconds.  Will retry shortly ...
2015-10-18 18:05:33,570 WARN [LeaseRenewer:msrabi@msra-sa-41:9000] org.apache.hadoop.ipc.Client: Address change detected. Old: msra-sa-41/<IP>:9000 New: msra-sa-41:9000
2015-10-18 18:05:33,570 WARN [LeaseRenewer:msrabi@msra-sa-41:9000] org.apache.hadoop.hdfs.LeaseRenewer: Failed to renew lease for [DFSClient_NONMAPREDUCE_1537864556_1] for 36 seconds.  Will retry shortly ...
2015-10-18 18:05:34,570 WARN [LeaseRenewer:msrabi@msra-sa-41:9000] org.apache.hadoop.ipc.Client: Address change detected. Old: msra-sa-41/<IP>:9000 New: msra-sa-41:9000
2015-10-18 18:05:34,570 WARN [LeaseRenewer:msrabi@msra-sa-41:9000] org.apache.hadoop.hdfs.LeaseRenewer: Failed to renew lease for [DFSClient_NONMAPREDUCE_1537864556_1] for 37 seconds.  Will retry shortly ...
2015-10-18 18:05:35,570 WARN [LeaseRenewer:msrabi@msra-sa-41:9000] org.apache.hadoop.ipc.Client: Address change detected. Old: msra-sa-41/<IP>:9000 New: msra-sa-41:9000
2015-10-18 18:05:35,570 WARN [LeaseRenewer:msrabi@msra-sa-41:9000] org.apache.hadoop.hdfs.LeaseRenewer: Failed to renew lease for [DFSClient_NONMAPREDUCE_1537864556_1] for 38 seconds.  Will retry shortly ...
2015-10-18 18:01:47,978 INFO [main] org.apache.hadoop.mapreduce.v2.app.MRAppMaster: Created MRAppMaster for application appattempt_1445144423722_0020_000001
2015-10-18 18:01:48,963 INFO [main] org.apache.hadoop.mapreduce.v2.app.MRAppMaster: Executing with tokens:
2015-10-18 18:01:48,963 INFO [main] org.apache.hadoop.mapreduce.v2.app.MRAppMaster: Kind: YARN_AM_RM_TOKEN, Service: , Ident: (appAttemptId { application_id { id: 20 cluster_timestamp: 1445144423722 } attemptId: 1 } keyId: -127633188)
2015-10-18 18:01:49,228 INFO [main] org.apache.hadoop.mapreduce.v2.app.MRAppMaster: Using mapred newApiCommitter.
2015-10-18 18:01:50,353 INFO [main] org.apache.hadoop.mapreduce.v2.app.MRAppMaster: OutputCommitter set in config null
2015-10-18 18:01:50,509 INFO [main] org.apache.hadoop.mapreduce.v2.app.MRAppMaster: OutputCommitter is org.apache.hadoop.mapreduce.lib.output.FileOutputCommitter
2015-10-18 18:01:50,556 INFO [main] org.apache.hadoop.yarn.event.AsyncDispatcher: Registering class org.apache.hadoop.mapreduce.jobhistory.EventType for class org.apache.hadoop.mapreduce.jobhistory.JobHistoryEventHandler
2015-10-18 18:01:50,556 INFO [main] org.apache.hadoop.yarn.event.AsyncDispatcher: Registering class org.apache.hadoop.mapreduce.v2.app.job.event.JobEventType for class org.apache.hadoop.mapreduce.v2.app.MRAppMaster$JobEventDispatcher
2015-10-18 18:01:50,556 INFO [main] org.apache.hadoop.yarn.event.AsyncDispatcher: Registering class org.apache.hadoop.mapreduce.v2.app.job.event.TaskEventType for class org.apache.hadoop.mapreduce.v2.app.MRAppMaster$TaskEventDispatcher
2015-10-18 18:01:50,556 INFO [main] org.apache.hadoop.yarn.event.AsyncDispatcher: Registering class org.apache.hadoop.mapreduce.v2.app.job.event.TaskAttemptEventType for class org.apache.hadoop.mapreduce.v2.app.MRAppMaster$TaskAttemptEventDispatcher
2015-10-18 18:01:50,572 INFO [main] org.apache.hadoop.yarn.event.AsyncDispatcher: Registering class org.apache.hadoop.mapreduce.v2.app.commit.CommitterEventType for class org.apache.hadoop.mapreduce.v2.app.commit.CommitterEventHandler
2015-10-18 18:01:50,572 INFO [main] org.apache.hadoop.yarn.event.AsyncDispatcher: Registering class org.apache.hadoop.mapreduce.v2.app.speculate.Speculator$EventType for class org.apache.hadoop.mapreduce.v2.app.MRAppMaster$SpeculatorEventDispatcher
2015-10-18 18:01:50,572 INFO [main] org.apache.hadoop.yarn.event.AsyncDispatcher: Registering class org.apache.hadoop.mapreduce.v2.app.rm.ContainerAllocator$EventType for class org.apache.hadoop.mapreduce.v2.app.MRAppMaster$ContainerAllocatorRouter
2015-10-18 18:01:50,588 INFO [main] org.apache.hadoop.yarn.event.AsyncDispatcher: Registering class org.apache.hadoop.mapreduce.v2.app.launcher.ContainerLauncher$EventType for class org.apache.hadoop.mapreduce.v2.app.MRAppMaster$ContainerLauncherRouter
2015-10-18 18:01:50,634 INFO [main] org.apache.hadoop.mapreduce.v2.jobhistory.JobHistoryUtils: Default file system [hdfs://msra-sa-41:9000]
2015-10-18 18:01:50,666 INFO [main] org.apache.hadoop.mapreduce.v2.jobhistory.JobHistoryUtils: Default file system [hdfs://msra-sa-41:9000]
2015-10-18 18:01:50,713 INFO [main] org.apache.hadoop.mapreduce.v2.jobhistory.JobHistoryUtils: Default file system [hdfs://msra-sa-41:9000]
2015-10-18 18:01:50,728 INFO [main] org.apache.hadoop.mapreduce.jobhistory.JobHistoryEventHandler: Emitting job history data to the timeline server is not enabled
2015-10-18 18:01:50,806 INFO [main] org.apache.hadoop.yarn.event.AsyncDispatcher: Registering class org.apache.hadoop.mapreduce.v2.app.job.event.JobFinishEvent$Type for class org.apache.hadoop.mapreduce.v2.app.MRAppMaster$JobFinishEventHandler
2015-10-18 18:01:51,197 INFO [main] org.apache.hadoop.metrics2.impl.MetricsConfig: loaded properties from hadoop-metrics2.properties
