20171223-22:19:58:380|HiH_HiHealthDataInsertStore|30002312|saveHealthDetailData() saveOneDetailData fail hiHealthData = 1513958400000,type = 40003
20171223-22:19:58:381|HiH_HiHealthDataInsertStore|30002312|saveHealthDetailData() saveOneDetailData fail hiHealthData = 1513958400000,type = 40005
20171223-22:19:58:411|HiH_HiHealthBinder|30002312|insertHiHealthData() bulkSaveDetailHiHealthData fail errorCode = 4,errorMessage = ERR_DATA_INSERT
20171223-22:19:58:411|Step_LSC|30002312|uploadStaticsToDB failed message=true
20171223-22:19:58:428|HiH_HiBroadcastUtil|30002312|sendSyncFailedBroadcast
20171223-22:19:58:518|HiH_HiBroadcastUtil|30002312|sendSyncFailedBroadcast
20171223-22:32:28:801|HiH_HiBroadcastUtil|30002312|sendSyncFailedBroadcast
20171223-23:32:28:796|HiH_HiBroadcastUtil|30002312|sendSyncFailedBroadcast
20171224-0:32:28:806|HiH_HiBroadcastUtil|30002312|sendSyncFailedBroadcast
20171223-22:15:29:606|Step_LSC|30002312|onStandStepChanged 3579
20171223-22:15:29:615|Step_LSC|30002312|onExtend:1514038530000 14 0 4
20171223-22:15:29:633|Step_StandReportReceiver|30002312|onReceive action: android.intent.action.SCREEN_ON
20171223-22:15:29:635|Step_LSC|30002312|processHandleBroadcastAction action:android.intent.action.SCREEN_ON
20171223-22:15:29:635|Step_StandStepCounter|30002312|flush sensor data
20171223-22:15:29:635|Step_SPUtils|30002312| getTodayTotalDetailSteps = 1514038440000##6993##548365##8661##12266##27164404
20171223-22:15:29:636|Step_SPUtils|30002312|setTodayTotalDetailSteps=1514038440000##7007##548365##8661##12361##27173954
20171223-22:15:29:636|Step_LSC|30002312|onStandStepChanged 3579
20171223-22:15:29:645|Step_ExtSDM|30002312|calculateCaloriesWithCache totalCalories=126775
20171223-22:15:29:648|Step_ExtSDM|30002312|calculateAltitudeWithCache totalAltitude=240
20171223-22:15:29:649|Step_StandReportReceiver|30002312|REPORT : 7007 5002 150089 240
20171223-22:15:29:737|Step_LSC|30002312|onExtend:1514038530000 0 0 4
20171223-22:15:29:738|Step_LSC|30002312|onStandStepChanged 3579
20171223-22:15:29:792|Step_LSC|30002312|onStandStepChanged 3580
20171223-22:15:29:800|Step_LSC|30002312|onExtend:1514038530000 1 0 4
20171223-22:15:29:950|Step_SPUtils|30002312| getTodayTotalDetailSteps = 1514038440000##7007##548365##8661##12361##27173954
20171223-22:15:29:950|Step_SPUtils|30002312|setTodayTotalDetailSteps=1514038440000##7008##548365##8661##12456##27174269
20171223-22:15:29:959|Step_ExtSDM|30002312|calculateCaloriesWithCache totalCalories=126797
20171223-22:15:29:962|Step_ExtSDM|30002312|calculateAltitudeWithCache totalAltitude=240
20171223-22:15:29:962|Step_StandReportReceiver|30002312|REPORT : 7008 5003 150111 240
20171223-22:15:30:331|Step_LSC|30002312|onStandStepChanged 3581
20171223-22:15:30:335|Step_LSC|30002312|onExtend:1514038531000 1 0 4
20171223-22:15:30:632|Step_SPUtils|30002312| getTodayTotalDetailSteps = 1514038440000##7008##548365##8661##12456##27174269
20171223-22:15:30:632|Step_SPUtils|30002312|setTodayTotalDetailSteps=1514038440000##7009##548365##8661##12551##27174951
20171223-22:15:30:639|Step_ExtSDM|30002312|calculateCaloriesWithCache totalCalories=126818
20171223-22:15:30:641|Step_ExtSDM|30002312|calculateAltitudeWithCache totalAltitude=240
20171223-22:15:30:642|Step_StandReportReceiver|30002312|REPORT : 7009 5004 150132 240
20171223-22:15:30:841|Step_LSC|30002312|onStandStepChanged 3583
20171223-22:15:30:858|Step_LSC|30002312|onExtend:1514038531000 2 0 4
20171223-22:15:31:142|Step_SPUtils|30002312| getTodayTotalDetailSteps = 1514038440000##7009##548365##8661##12551##27174951
20171223-22:15:31:143|Step_SPUtils|30002312|setTodayTotalDetailSteps=1514038440000##7011##548365##8661##12646##27175461
