Dec 10 06:55:46 LabSZ sshd[24200]: reverse mapping checking getaddrinfo for ns.marryaldkfaczcz.com [<IP>] failed - POSSIBLE BREAK-IN ATTEMPT!
Dec 10 06:55:46 LabSZ sshd[24200]: Invalid user webmaster from <IP>
Dec 10 06:55:46 LabSZ sshd[24200]: input_userauth_request: invalid user webmaster [preauth]
Dec 10 06:55:46 LabSZ sshd[24200]: pam_unix(sshd:auth): authentication failure; logname= uid=0 euid=0 tty=ssh ruser= rhost=<IP>
Dec 10 06:55:48 LabSZ sshd[24200]: Failed password for invalid user webmaster from <IP> port 38926 ssh2
Dec 10 07:07:38 LabSZ sshd[24206]: Invalid user test9 from <IP>
Dec 10 07:07:38 LabSZ sshd[24206]: input_userauth_request: invalid user test9 [preauth]
Dec 10 07:07:38 LabSZ sshd[24206]: pam_unix(sshd:auth): authentication failure; logname= uid=0 euid=0 tty=ssh ruser= rhost=ec2-52-80-34-196.cn-north-1.compute.amazonaws.com.cn
Dec 10 07:07:45 LabSZ sshd[24206]: Failed password for invalid user test9 from <IP> port 36060 ssh2
Dec 10 07:08:28 LabSZ sshd[24208]: reverse mapping checking getaddrinfo for ns.marryaldkfaczcz.com [<IP>] failed - POSSIBLE BREAK-IN ATTEMPT!
Dec 10 07:08:28 LabSZ sshd[24208]: Invalid user webmaster from <IP>
Dec 10 07:08:28 LabSZ sshd[24208]: input_userauth_request: invalid user webmaster [preauth]
Dec 10 07:08:28 LabSZ sshd[24208]: pam_unix(sshd:auth): authentication failure; logname= uid=0 euid=0 tty=ssh ruser= rhost=<IP>
Dec 10 07:08:30 LabSZ sshd[24208]: Failed password for invalid user webmaster from <IP> port 39257 ssh2
Dec 10 07:11:42 LabSZ sshd[24224]: Invalid user chen from <IP>
Dec 10 07:11:42 LabSZ sshd[24224]: input_userauth_request: invalid user chen [preauth]
Dec 10 07:11:42 LabSZ sshd[24224]: pam_unix(sshd:auth): authentication failure; logname= uid=0 euid=0 tty=ssh ruser= rhost=<IP>
Dec 10 07:11:44 LabSZ sshd[24224]: Failed password for invalid user chen from <IP> port 32484 ssh2
Dec 10 07:13:31 LabSZ sshd[24227]: pam_unix(sshd:auth): authentication failure; logname= uid=0 euid=0 tty=ssh ruser= rhost=<IP>.dynamic-dsl-ip.omantel.net.om  user=root
Dec 10 07:13:43 LabSZ sshd[24227]: Failed password for root from <IP> port 42393 ssh2
Dec 10 06:55:46 LabSZ sshd[24200]: pam_unix(sshd:auth): check pass; user unknown
Dec 10 06:55:48 LabSZ sshd[24200]: Connection closed by <IP> [preauth]
Dec 10 07:02:47 LabSZ sshd[24203]: Connection closed by <IP> [preauth]
Dec 10 07:07:38 LabSZ sshd[24206]: pam_unix(sshd:auth): check pass; user unknown
Dec 10 07:07:45 LabSZ sshd[24206]: Received disconnect from <IP>: 11: Bye Bye [preauth]
Dec 10 07:08:28 LabSZ sshd[24208]: pam_unix(sshd:auth): check pass; user unknown
Dec 10 07:08:30 LabSZ sshd[24208]: Connection closed by <IP> [preauth]
Dec 10 07:11:42 LabSZ sshd[24224]: pam_unix(sshd:auth): check pass; user unknown
Dec 10 07:11:44 LabSZ sshd[24224]: Received disconnect from <IP>: 11: Bye Bye [preauth]
Dec 10 07:13:56 LabSZ sshd[24227]: PAM service(sshd) ignoring max retries; 6 > 3
Dec 10 07:27:52 LabSZ sshd[24235]: Received disconnect from <IP>: 11: Bye Bye [preauth]
Dec 10 07:27:55 LabSZ sshd[24237]: Received disconnect from <IP>: 11: Bye Bye [preauth]
Dec 10 07:27:58 LabSZ sshd[24239]: Received disconnect from <IP>: 11: Bye Bye [preauth]
Dec 10 07:28:00 LabSZ sshd[24241]: Received disconnect from <IP>: 11: Bye Bye [preauth]
Dec 10 07:28:03 LabSZ sshd[24243]: Received disconnect from <IP>: 11: Bye Bye [preauth]
Dec 10 07:28:03 LabSZ sshd[24245]: pam_unix(sshd:auth): check pass; user unknown
Dec 10 07:28:05 LabSZ sshd[24245]: Received disconnect from <IP>: 11: Bye Bye [preauth]
Dec 10 07:28:08 LabSZ sshd[24247]: Received disconnect from <IP>: 11: Bye Bye [preauth]
Dec 10 07:28:10 LabSZ sshd[24249]: Received disconnect from <IP>: 11: Bye Bye [preauth]
Dec 10 07:28:12 LabSZ sshd[24251]: Received disconnect from <IP>: 11: Bye Bye [preauth]
