[10.30 17:15:42] QQ.exe - tcpconn6.tencent.com:443 error : A connection request was canceled before the completion.
[10.30 17:16:10] QQ.exe - tcpconn4.tencent.com:80 error : Could not connect through proxy proxy.cse.cuhk.edu.hk:5070 - Proxy closed the connection unexpectedly.
[10.30 17:57:12] YodaoDict.exe - oimagec7.ydstatic.com:80 error : A connection request was canceled before the completion.
[10.30 18:00:12] FlashPlayerPlugin_18_0_0_209.exe - formi.baidu.com:843 error : Could not connect through proxy proxy.cse.cuhk.edu.hk:5070 - Proxy server cannot establish a connection with the target, status code 403
[10.30 18:04:14] Skype.exe - <IP>:443 error : Could not connect through proxy proxy.cse.cuhk.edu.hk:5070 - Proxy closed the connection unexpectedly.
[10.30 20:42:33] YodaoDict.exe - oimagea5.ydstatic.com:80 error : A connection request was canceled before the completion.
[10.30 20:45:51] YodaoDict.exe - oimagea5.ydstatic.com:80 error : A connection request was canceled before the completion.
[10.30 20:47:55] YodaoDict.exe - oimagea5.ydstatic.com:80 error : A connection request was canceled before the completion.
[10.30 20:55:49] YodaoDict.exe - oimagea5.ydstatic.com:80 error : A connection request was canceled before the completion.
[10.30 20:59:47] YodaoDict.exe - oimagea5.ydstatic.com:80 error : A connection request was canceled before the completion.
[10.30 20:59:47] YodaoDict.exe - oimagea5.ydstatic.com:80 error : A connection request was canceled before the completion.
[10.30 21:03:34] YodaoDict.exe - oimagea5.ydstatic.com:80 error : A connection request was canceled before the completion.
[10.30 21:08:03] spoolsv.exe *64 - <IP>:135 error : Could not connect through proxy proxy.cse.cuhk.edu.hk:5070 - Proxy server cannot establish a connection with the target, status code 403
[10.30 21:11:51] YodaoDict.exe - oimageb3.ydstatic.com:80 error : A connection request was canceled before the completion.
[10.30 21:11:55] YodaoDict.exe - oimagea5.ydstatic.com:80 error : A connection request was canceled before the completion.
[10.30 21:11:55] YodaoDict.exe - oimageb1.ydstatic.com:80 error : A connection request was canceled before the completion.
[10.30 21:12:56] YodaoDict.exe - oimagea3.ydstatic.com:80 error : A connection request was canceled before the completion.
[10.30 21:12:56] YodaoDict.exe - oimagec1.ydstatic.com:80 error : A connection request was canceled before the completion.
[10.30 21:12:56] YodaoDict.exe - oimageb5.ydstatic.com:80 error : A connection request was canceled before the completion.
[10.30 21:13:23] spoolsv.exe *64 - <IP>:135 error : Could not connect through proxy proxy.cse.cuhk.edu.hk:5070 - Proxy server cannot establish a connection with the target, status code 403
[10.30 16:49:06] chrome.exe - proxy.cse.cuhk.edu.hk:5070 open through proxy proxy.cse.cuhk.edu.hk:5070 HTTPS
[10.30 16:49:06] chrome.exe - proxy.cse.cuhk.edu.hk:5070 open through proxy proxy.cse.cuhk.edu.hk:5070 HTTPS
[10.30 16:49:06] chrome.exe - proxy.cse.cuhk.edu.hk:5070 open through proxy proxy.cse.cuhk.edu.hk:5070 HTTPS
[10.30 16:49:07] chrome.exe - proxy.cse.cuhk.edu.hk:5070 close, 0 bytes sent, 0 bytes received, lifetime 00:01
[10.30 16:49:07] chrome.exe - proxy.cse.cuhk.edu.hk:5070 open through proxy proxy.cse.cuhk.edu.hk:5070 HTTPS
[10.30 16:49:07] chrome.exe - proxy.cse.cuhk.edu.hk:5070 open through proxy proxy.cse.cuhk.edu.hk:5070 HTTPS
[10.30 16:49:07] chrome.exe - proxy.cse.cuhk.edu.hk:5070 open through proxy proxy.cse.cuhk.edu.hk:5070 HTTPS
[10.30 16:49:07] chrome.exe - proxy.cse.cuhk.edu.hk:5070 close, 403 bytes sent, 426 bytes received, lifetime <1 sec
[10.30 16:49:07] chrome.exe - proxy.cse.cuhk.edu.hk:5070 open through proxy proxy.cse.cuhk.edu.hk:5070 HTTPS
[10.30 16:49:07] chrome.exe - proxy.cse.cuhk.edu.hk:5070 open through proxy proxy.cse.cuhk.edu.hk:5070 HTTPS
[10.30 16:49:07] chrome.exe - proxy.cse.cuhk.edu.hk:5070 close, 451 bytes sent, 18846 bytes (18.4 KB) received, lifetime <1 sec
[10.30 16:49:08] chrome.exe - proxy.cse.cuhk.edu.hk:5070 close, 445 bytes sent, 5174 bytes (5.05 KB) received, lifetime <1 sec
[10.30 16:49:08] chrome.exe - proxy.cse.cuhk.edu.hk:5070 open through proxy proxy.cse.cuhk.edu.hk:5070 HTTPS
[10.30 16:49:08] chrome.exe - proxy.cse.cuhk.edu.hk:5070 close, 1190 bytes (1.16 KB) sent, 1671 bytes (1.63 KB) received, lifetime 00:02
[10.30 16:49:08] chrome.exe - proxy.cse.cuhk.edu.hk:5070 open through proxy proxy.cse.cuhk.edu.hk:5070 HTTPS
[10.30 16:49:08] chrome.exe - proxy.cse.cuhk.edu.hk:5070 close, 0 bytes sent, 0 bytes received, lifetime <1 sec
[10.30 16:49:09] chrome.exe - proxy.cse.cuhk.edu.hk:5070 close, 1165 bytes (1.13 KB) sent, 3098 bytes (3.02 KB) received, lifetime 00:01
[10.30 16:49:09] chrome.exe - proxy.cse.cuhk.edu.hk:5070 open through proxy proxy.cse.cuhk.edu.hk:5070 HTTPS
[10.30 16:49:09] chrome.exe - proxy.cse.cuhk.edu.hk:5070 close, 1165 bytes (1.13 KB) sent, 815 bytes received, lifetime <1 sec
[10.30 16:49:09] chrome.exe - proxy.cse.cuhk.edu.hk:5070 open through proxy proxy.cse.cuhk.edu.hk:5070 HTTPS
